$ uv export --frozen --no-dev --no-emit-project --no-emit-package py-lib-runtime --output-file /Users/stas/Documents/3.Projects/1.Playground/ternforge-review/audit-product-parity-20260801/lab-control/evidence/local-dx-hardening-20260801/_work/consumers/reddit-scraper/.runtime-requirements.txt

[stdout]
# This file was autogenerated by uv via the following command:
#    uv export --frozen --no-dev --no-emit-project --no-emit-package py-lib-runtime --output-file /Users/stas/Documents/3.Projects/1.Playground/ternforge-review/audit-product-parity-20260801/lab-control/evidence/local-dx-hardening-20260801/_work/consumers/reddit-scraper/.runtime-requirements.txt
anyio==4.13.0 \
    --hash=sha256:08b310f9e24a9594186fd75b4f73f4a4152069e3853f1ed8bfbf58369f4ad708 \
    --hash=sha256:334b70e641fd2221c1505b3890c69882fe4a2df910cba14d97019b90b24439dc
    # via httpx
certifi==2026.4.22 \
    --hash=sha256:3cb2210c8f88ba2318d29b0388d1023c8492ff72ecdde4ebdaddbb13a31b1c4a \
    --hash=sha256:8d455352a37b71bf76a79caa83a3d6c25afee4a385d632127b6afb3963f1c580
    # via
    #   httpcore
    #   httpx
diskcache==5.6.3 \
    --hash=sha256:2c3a3fa2743d8535d832ec61c2054a1641f41775aa7c556758a109941e33e4fc \
    --hash=sha256:5e31b2d5fbad117cc363ebaf6b689474db18a1f6438bc82358b024abd4c2ca19
    # via reddit-scraper
fake-useragent==2.2.0 \
    --hash=sha256:4e6ab6571e40cc086d788523cf9e018f618d07f9050f822ff409a4dfe17c16b2 \
    --hash=sha256:67f35ca4d847b0d298187443aaf020413746e56acd985a611908c73dba2daa24
    # via reddit-scraper
h11==0.16.0 \
    --hash=sha256:4e35b956cf45792e4caa5885e69fba00bdbc6ffafbfa020300e549b208ee5ff1 \
    --hash=sha256:63cf8bbe7522de3bf65932fda1d9c2772064ffb3dae62d55932da54b31cb6c86
    # via httpcore
httpcore==1.0.9 \
    --hash=sha256:2d400746a40668fc9dec9810239072b40b4484b640a8c38fd654a024c7a1bf55 \
    --hash=sha256:6e34463af53fd2ab5d807f399a9b45ea31c3dfa2276f15a2c3f00afff6e176e8
    # via httpx
httpx==0.28.1 \
    --hash=sha256:75e98c5f16b0f35b567856f597f06ff2270a374470a5c2392242528e3e3e42fc \
    --hash=sha256:d909fcccc110f8c7faf814ca82a9a4d816bc5a6dbfea25d6591d6985b8ba59ad
    # via reddit-scraper
idna==3.16 \
    --hash=sha256:cc246e3a3f89580c3a951b5ad298ca4638078b2cdd4f115654332b5c26daded5 \
    --hash=sha256:d7a6da03db833450fca25d2358ac9ff06cd624577a4aea3a596d5c0f77b8e03d
    # via
    #   anyio
    #   httpx
structlog==25.5.0 \
    --hash=sha256:098522a3bebed9153d4570c6d0288abf80a031dfdb2048d59a49e9dc2190fc98 \
    --hash=sha256:a8453e9b9e636ec59bd9e79bbd4a72f025981b3ba0f5837aebf48f02f37a7f9f
    # via py-lib-runtime
tenacity==9.1.4 \
    --hash=sha256:6095a360c919085f28c6527de529e76a06ad89b23659fa881ae0649b867a9d55 \
    --hash=sha256:adb31d4c263f2bd041081ab33b498309a57c77f9acf2db65aadf0898179cf93a
    # via reddit-scraper


[stderr]
