$ uv run --no-sync ipython --no-banner --quick --colors=NoColor -c %run -m workbench.visual_annotation.box_annotation

[stdout]
────────────────────────── What This Demo Is Proving ───────────────────────────
- Confirms that the local supervision/OpenCV drawing stack can render boxes
- on the shared image fixture without importing the shipped package.
──────────────────────── What Success Should Look Like ─────────────────────────
- If normalized boxes are scaled to pixels, then supervision receives
- concrete `xyxy` coordinates.
- If the annotators run, then the returned image keeps the fixture size.
─────────────────────────────────── Scenario ───────────────────────────────────
Drawing two labeled boxes with supervision.
─────────────────────────────── Observed Drawing ───────────────────────────────
The dependency seam returned image evidence.
{
  "box_count": 2,
  "input_size": [
    515,
    333
  ],
  "output_image": "workbench/.outputs/visual_annotation/box_annotation.png",
  "output_size": [
    515,
    333
  ]
}
Image preview available:
/Users/stas/Documents/3.Projects/1.Playground/ternforge-review/audit-product-par
ity-20260801/lab-control/evidence/local-dx-hardening-20260801/_work/consumers/vi
sual-annotation/workbench/.outputs/visual_annotation/box_annotation.png
────────────────────────── Why This Counts As Success ──────────────────────────
Box annotation dependencies can render the slice.


[stderr]
warning: `VIRTUAL_ENV=/Users/stas/.cache/uv/builds-v0/.tmpN9TgiQ` does not match the project environment path `.venv` and will be ignored; use `--active` to target the active environment instead
[0mdirenv: loading ~/Documents/3.Projects/1.Playground/ternforge-review/audit-product-parity-20260801/lab-control/evidence/local-dx-hardening-20260801/_work/consumers/visual-annotation/.envrc
[0mdirenv: export +PYTHONPATH ~PATH
