$ docker build --file .devcontainer/Dockerfile --tag ternforge-template-complete:20260802 .devcontainer

[stdout]


[stderr]
#0 building with "desktop-linux" instance using docker driver

#1 [internal] load build definition from Dockerfile
#1 transferring dockerfile: 798B done
#1 DONE 0.0s

#2 resolve image config for docker-image://docker.io/docker/dockerfile:1
#2 DONE 1.5s

#3 docker-image://docker.io/docker/dockerfile:1@sha256:87999aa3d42bdc6bea60565083ee17e86d1f3339802f543c0d03998580f9cb89
#3 CACHED

#4 [internal] load metadata for mcr.microsoft.com/devcontainers/python:3.13@sha256:a193ef0a42790e4bcaeeb13665d7bd3cb538a1cf4be721797e18f5dceaa92b1e
#4 ...

#5 [internal] load metadata for ghcr.io/getsops/sops:v3.11.0@sha256:6ce00ac946e1a52b2d1e5b7087441f7b6ef7bad907753104013f8bdb8f5fd891
#5 DONE 0.0s

#6 [internal] load metadata for ghcr.io/astral-sh/uv:0.12.1@sha256:cf4eedcaa81655197f625739489effcbe71b61ceb1506f332c3facae5deceded
#6 ...

#4 [internal] load metadata for mcr.microsoft.com/devcontainers/python:3.13@sha256:a193ef0a42790e4bcaeeb13665d7bd3cb538a1cf4be721797e18f5dceaa92b1e
#4 DONE 0.4s

#7 [auth] astral-sh/uv:pull token for ghcr.io
#7 DONE 0.0s

#6 [internal] load metadata for ghcr.io/astral-sh/uv:0.12.1@sha256:cf4eedcaa81655197f625739489effcbe71b61ceb1506f332c3facae5deceded
#6 DONE 1.0s

#8 [internal] load .dockerignore
#8 transferring context: 2B done
#8 DONE 0.0s

#9 [stage-0 1/4] FROM mcr.microsoft.com/devcontainers/python:3.13@sha256:a193ef0a42790e4bcaeeb13665d7bd3cb538a1cf4be721797e18f5dceaa92b1e
#9 DONE 0.0s

#10 FROM ghcr.io/astral-sh/uv:0.12.1@sha256:cf4eedcaa81655197f625739489effcbe71b61ceb1506f332c3facae5deceded
#10 DONE 0.0s

#11 FROM ghcr.io/getsops/sops:v3.11.0@sha256:6ce00ac946e1a52b2d1e5b7087441f7b6ef7bad907753104013f8bdb8f5fd891
#11 DONE 0.0s

#12 [stage-0 2/4] RUN apt-get update && apt-get install -y --no-install-recommends     build-essential ca-certificates direnv git pkg-config     && rm -rf /var/lib/apt/lists/*
#12 CACHED

#13 [stage-0 3/4] COPY --from=ghcr.io/astral-sh/uv:0.12.1@sha256:cf4eedcaa81655197f625739489effcbe71b61ceb1506f332c3facae5deceded /uv /uvx /usr/local/bin/
#13 CACHED

#14 [stage-0 4/4] COPY --from=ghcr.io/getsops/sops:v3.11.0@sha256:6ce00ac946e1a52b2d1e5b7087441f7b6ef7bad907753104013f8bdb8f5fd891 /usr/local/bin/sops /usr/local/bin/sops
#14 CACHED

#15 exporting to image
#15 exporting layers done
#15 writing image sha256:4dd5c83743098f2914e6ab25dfb046c5db53080b23cb9f0e273e108bf13c18e1 done
#15 naming to docker.io/library/ternforge-template-complete:20260802 done
#15 DONE 0.0s

View build details: docker-desktop://dashboard/build/desktop-linux/desktop-linux/6iefd9rshf44n2itp9r3ip24i
