$ uv run --no-sync ipython --no-banner --quick --colors=NoColor -c %run -m tests.reddit_scraper.e2e.search.test_search_pipeline

[stdout]
────────────────────────── TEST: Reddit Global Search ──────────────────────────
─────────────────────────────────── Scenario ───────────────────────────────────
Run a global Reddit search and summarize results.
──────────────────────────────────── Inputs ────────────────────────────────────
Query: Avengers: Doomsday
Limit: 5
Proxy: off
──────────────────────────────────── Steps ─────────────────────────────────────
1) Execute a global search
2) Summarize top titles and subreddits
─────────────────────────────────── Results ────────────────────────────────────
Result count: 0
Sample titles: []
Subreddits: []
─────────────────────────────────── Examples ───────────────────────────────────


[stderr]
warning: `VIRTUAL_ENV=/Users/stas/.cache/uv/builds-v0/.tmpKiAn4p` does not match the project environment path `.venv` and will be ignored; use `--active` to target the active environment instead
[31mdirenv: error /Users/stas/Documents/3.Projects/1.Playground/ternforge-review/audit-product-parity-20260801/lab-control/evidence/python-template-completion-20260802/_work/consumers/reddit-scraper/.envrc is blocked. Run `direnv allow` to approve its content[0m
