Initialized empty Git repository in /tmp/copier-matrix-817x764l/template-source/.git/
[main (root-commit) 03ad7a1] template v1
 9 files changed, 20 insertions(+)
 create mode 100644 copier.yml
 create mode 100644 template/conflict.txt
 create mode 100644 template/mixed.txt
 create mode 100644 template/mode.sh
 create mode 100644 template/removed.txt
 create mode 100644 template/renamed-old.txt
 create mode 100644 template/separate.txt
 create mode 100644 template/user-owned/seed.txt
 create mode 100644 template/{{ _copier_conf.answers_file }}
[main ee1772f] template v2
 9 files changed, 9 insertions(+), 6 deletions(-)
 mode change 100644 => 100755 template/mode.sh
 create mode 100644 template/new.txt
 delete mode 100644 template/removed.txt
 rename template/{renamed-old.txt => renamed-new.txt} (100%)
[main dbbe3dd] template v3 required question
 1 file changed, 2 insertions(+)

Copying from template version 0.1.0
[32m[1m    create[39m[0m  mixed.txt
[32m[1m    create[39m[0m  .copier-answers.yml
[32m[1m    create[39m[0m  conflict.txt
[32m[1m    create[39m[0m  separate.txt
[32m[1m    create[39m[0m  mode.sh
[32m[1m    create[39m[0m  removed.txt
[32m[1m    create[39m[0m  renamed-old.txt
[32m[1m    create[39m[0m  user-owned
[32m[1m    create[39m[0m  user-owned/seed.txt


Initialized empty Git repository in /tmp/copier-matrix-817x764l/clean/.git/
[main (root-commit) 54f1245] initial generated state
 8 files changed, 13 insertions(+)
 create mode 100644 .copier-answers.yml
 create mode 100644 conflict.txt
 create mode 100644 mixed.txt
 create mode 100644 mode.sh
 create mode 100644 removed.txt
 create mode 100644 renamed-old.txt
 create mode 100644 separate.txt
 create mode 100644 user-owned/seed.txt
[main 323a964] user changes
 3 files changed, 3 insertions(+), 2 deletions(-)
 create mode 100644 unrelated-user.txt

Copying from template version 0.1.0
[32m[1m    create[39m[0m  mixed.txt
[32m[1m    create[39m[0m  .copier-answers.yml
[32m[1m    create[39m[0m  conflict.txt
[32m[1m    create[39m[0m  separate.txt
[32m[1m    create[39m[0m  mode.sh
[32m[1m    create[39m[0m  removed.txt
[32m[1m    create[39m[0m  renamed-old.txt
[32m[1m    create[39m[0m  user-owned
[32m[1m    create[39m[0m  user-owned/seed.txt


Initialized empty Git repository in /tmp/copier-matrix-817x764l/conflict/.git/
[main (root-commit) 4a25e05] initial generated state
 8 files changed, 13 insertions(+)
 create mode 100644 .copier-answers.yml
 create mode 100644 conflict.txt
 create mode 100644 mixed.txt
 create mode 100644 mode.sh
 create mode 100644 removed.txt
 create mode 100644 renamed-old.txt
 create mode 100644 separate.txt
 create mode 100644 user-owned/seed.txt
[main b456571] user conflict
 1 file changed, 1 insertion(+), 1 deletion(-)

Copying from template version 0.1.0
[32m[1m    create[39m[0m  mixed.txt
[32m[1m    create[39m[0m  .copier-answers.yml
[32m[1m    create[39m[0m  conflict.txt
[32m[1m    create[39m[0m  separate.txt
[32m[1m    create[39m[0m  mode.sh
[32m[1m    create[39m[0m  removed.txt
[32m[1m    create[39m[0m  renamed-old.txt
[32m[1m    create[39m[0m  user-owned
[32m[1m    create[39m[0m  user-owned/seed.txt


Initialized empty Git repository in /tmp/copier-matrix-817x764l/required/.git/
[main (root-commit) 67fb897] initial generated state
 8 files changed, 13 insertions(+)
 create mode 100644 .copier-answers.yml
 create mode 100644 conflict.txt
 create mode 100644 mixed.txt
 create mode 100644 mode.sh
 create mode 100644 removed.txt
 create mode 100644 renamed-old.txt
 create mode 100644 separate.txt
 create mode 100644 user-owned/seed.txt
Initialized empty Git repository in /tmp/copier-matrix-817x764l/workspace/.git/

Copying from template version 0.1.0
[32m[1m    create[39m[0m  mixed.txt
[32m[1m    create[39m[0m  .copier-answers.yml
[32m[1m    create[39m[0m  conflict.txt
[32m[1m    create[39m[0m  separate.txt
[32m[1m    create[39m[0m  mode.sh
[32m[1m    create[39m[0m  removed.txt
[32m[1m    create[39m[0m  renamed-old.txt
[32m[1m    create[39m[0m  user-owned
[32m[1m    create[39m[0m  user-owned/seed.txt



Copying from template version 0.1.0
[32m[1m    create[39m[0m  mixed.txt
[32m[1m    create[39m[0m  .copier-answers.yml
[32m[1m    create[39m[0m  conflict.txt
[32m[1m    create[39m[0m  separate.txt
[32m[1m    create[39m[0m  mode.sh
[32m[1m    create[39m[0m  removed.txt
[32m[1m    create[39m[0m  renamed-old.txt
[32m[1m    create[39m[0m  user-owned
[32m[1m    create[39m[0m  user-owned/seed.txt


[main (root-commit) 2cfba79] two Copier relationships
 16 files changed, 26 insertions(+)
 create mode 100644 packages/runtime/.copier-answers.yml
 create mode 100644 packages/runtime/conflict.txt
 create mode 100644 packages/runtime/mixed.txt
 create mode 100644 packages/runtime/mode.sh
 create mode 100644 packages/runtime/removed.txt
 create mode 100644 packages/runtime/renamed-old.txt
 create mode 100644 packages/runtime/separate.txt
 create mode 100644 packages/runtime/user-owned/seed.txt
 create mode 100644 packages/tooling/.copier-answers.yml
 create mode 100644 packages/tooling/conflict.txt
 create mode 100644 packages/tooling/mixed.txt
 create mode 100644 packages/tooling/mode.sh
 create mode 100644 packages/tooling/removed.txt
 create mode 100644 packages/tooling/renamed-old.txt
 create mode 100644 packages/tooling/separate.txt
 create mode 100644 packages/tooling/user-owned/seed.txt
