$ uv sync --locked --all-groups

[stdout]


[stderr]
Using CPython 3.13.7
Creating virtual environment at: .venv
Resolved 132 packages in 40ms
   Building reddit-scraper @ file:///Users/stas/Documents/3.Projects/1.Playground/ternforge-review/audit-product-parity-20260801/lab-control/evidence/downstream-ci-dx-e2e-20260801/_work/consumers/reddit-scraper
      Built reddit-scraper @ file:///Users/stas/Documents/3.Projects/1.Playground/ternforge-review/audit-product-parity-20260801/lab-control/evidence/downstream-ci-dx-e2e-20260801/_work/consumers/reddit-scraper
Prepared 1 package in 720ms
Installed 130 packages in 716ms
 + anyio==4.13.0
 + appnope==0.1.4
 + argcomplete==3.6.3
 + asttokens==3.0.1
 + attrs==26.1.0
 + bandit==1.9.4
 + boolean-py==5.0
 + build==1.4.4
 + cachecontrol==0.14.4
 + certifi==2026.4.22
 + cfgv==3.5.0
 + charset-normalizer==3.4.7
 + check-manifest==0.51
 + click==8.3.3
 + cognitive-complexity==1.3.0
 + colorama==0.4.6
 + comm==0.2.3
 + commitizen==4.16.3
 + coverage==7.13.5
 + cyclonedx-python-lib==11.7.0
 + debugpy==1.8.21
 + decli==0.6.3
 + decorator==5.2.1
 + defusedxml==0.7.1
 + deprecated==1.3.1
 + deptry==0.25.1
 + diskcache==5.6.3
 + distlib==0.4.0
 + execnet==2.1.2
 + executing==2.2.1
 + fake-useragent==2.2.0
 + filelock==3.29.0
 + flake8==7.3.0
 + flake8-class-attributes-order==0.3.0
 + flake8-cognitive-complexity==0.1.0
 + grimp==3.14
 + h11==0.16.0
 + httpcore==1.0.9
 + httpx==0.28.1
 + hypothesis==6.155.3
 + identify==2.6.19
 + idna==3.16
 + import-linter==2.11
 + iniconfig==2.3.0
 + interrogate==1.7.0
 + ipykernel==7.3.0
 + ipython==9.14.1
 + ipython-pygments-lexers==1.1.1
 + jedi==0.20.0
 + jinja2==3.1.6
 + jupyter-client==8.9.1
 + jupyter-core==5.9.1
 + license-expression==30.4.4
 + mando==0.7.1
 + markdown-it-py==4.0.0
 + markupsafe==3.0.3
 + matplotlib-inline==0.2.1
 + mccabe==0.7.0
 + mdurl==0.1.2
 + msgpack==1.1.2
 + nest-asyncio==1.6.0
 + nest-asyncio2==1.7.2
 + nodeenv==1.10.0
 + packageurl-python==0.17.6
 + packaging==26.2
 + parso==0.8.7
 + pexpect==4.9.0
 + pillow==12.2.0
 + pip==26.0.1
 + pip-api==0.0.34
 + pip-audit==2.10.1
 + pip-requirements-parser==32.0.1
 + platformdirs==4.9.6
 + pluggy==1.6.0
 + pre-commit==4.6.0
 + prompt-toolkit==3.0.51
 + psutil==7.2.2
 + ptyprocess==0.7.0
 + pure-eval==0.2.3
 + py==1.11.0
 + py-lib-policy==0.2.0 (from file:///Users/stas/Documents/3.Projects/1.Playground/ternforge-review/audit-product-parity-20260801/lab-control/evidence/downstream-ci-dx-e2e-20260801/_work/py-lib-policy)
 + py-lib-runtime==0.2.0 (from file:///Users/stas/Documents/3.Projects/1.Playground/ternforge-review/audit-product-parity-20260801/lab-control/evidence/downstream-ci-dx-e2e-20260801/_work/py-lib-runtime)
 + py-lib-testkit==0.2.0 (from file:///Users/stas/Documents/3.Projects/1.Playground/ternforge-review/audit-product-parity-20260801/lab-control/evidence/downstream-ci-dx-e2e-20260801/_work/py-lib-testkit)
 + py-serializable==2.1.0
 + pycodestyle==2.14.0
 + pyflakes==3.4.0
 + pygments==2.20.0
 + pyparsing==3.3.2
 + pyproject-hooks==1.2.0
 + pyright==1.1.410
 + pytest==9.1.0
 + pytest-cov==7.1.0
 + pytest-randomly==4.1.0
 + pytest-recording==0.13.4
 + pytest-xdist==3.8.0
 + python-dateutil==2.9.0.post0
 + python-discovery==1.2.2
 + pyyaml==6.0.3
 + pyzmq==27.1.0
 + questionary==2.1.1
 + radon==6.0.1
 + reddit-scraper==0.3.0 (from file:///Users/stas/Documents/3.Projects/1.Playground/ternforge-review/audit-product-parity-20260801/lab-control/evidence/downstream-ci-dx-e2e-20260801/_work/consumers/reddit-scraper)
 + requests==2.33.1
 + requirements-parser==0.13.0
 + rich==15.0.0
 + ruff==0.15.17
 + setuptools==82.0.1
 + six==1.17.0
 + sortedcontainers==2.4.0
 + stack-data==0.6.3
 + stevedore==5.7.0
 + structlog==25.5.0
 + syrupy==5.3.2
 + tabulate==0.10.0
 + tenacity==9.1.4
 + termcolor==3.3.0
 + tomli==2.4.1
 + tomli-w==1.2.0
 + tomlkit==0.14.0
 + tornado==6.5.7
 + traitlets==5.14.3
 + ty==0.0.50
 + types-pillow==10.2.0.20240822
 + typing-extensions==4.15.0
 + urllib3==2.6.3
 + vcrpy==8.1.1
 + virtualenv==21.2.4
 + wcwidth==0.6.0
 + wheel==0.47.0
 + wrapt==2.1.2
