$ uv build

[stdout]


[stderr]
Building source distribution...
running egg_info
writing src/reddit_scraper.egg-info/PKG-INFO
writing dependency_links to src/reddit_scraper.egg-info/dependency_links.txt
writing requirements to src/reddit_scraper.egg-info/requires.txt
writing top-level names to src/reddit_scraper.egg-info/top_level.txt
reading manifest file 'src/reddit_scraper.egg-info/SOURCES.txt'
reading manifest template 'MANIFEST.in'
warning: no previously-included files matching '__pycache__' found anywhere in distribution
warning: no previously-included files matching '*.py[cod]' found anywhere in distribution
warning: no previously-included files matching '.DS_Store' found anywhere in distribution
warning: no previously-included files matching '*.so' found anywhere in distribution
adding license file 'LICENSE'
writing manifest file 'src/reddit_scraper.egg-info/SOURCES.txt'
running sdist
running egg_info
writing src/reddit_scraper.egg-info/PKG-INFO
writing dependency_links to src/reddit_scraper.egg-info/dependency_links.txt
writing requirements to src/reddit_scraper.egg-info/requires.txt
writing top-level names to src/reddit_scraper.egg-info/top_level.txt
reading manifest file 'src/reddit_scraper.egg-info/SOURCES.txt'
reading manifest template 'MANIFEST.in'
warning: no previously-included files matching '__pycache__' found anywhere in distribution
warning: no previously-included files matching '*.py[cod]' found anywhere in distribution
warning: no previously-included files matching '.DS_Store' found anywhere in distribution
warning: no previously-included files matching '*.so' found anywhere in distribution
adding license file 'LICENSE'
writing manifest file 'src/reddit_scraper.egg-info/SOURCES.txt'
running check
creating reddit_scraper-0.3.0
creating reddit_scraper-0.3.0/src/reddit_scraper
creating reddit_scraper-0.3.0/src/reddit_scraper.egg-info
creating reddit_scraper-0.3.0/src/reddit_scraper/_api
creating reddit_scraper-0.3.0/src/reddit_scraper/_internal
creating reddit_scraper-0.3.0/src/reddit_scraper/_internal/components
creating reddit_scraper-0.3.0/src/reddit_scraper/_internal/config
creating reddit_scraper-0.3.0/src/reddit_scraper/_internal/media_downloader
creating reddit_scraper-0.3.0/src/reddit_scraper/_internal/scraper
copying files to reddit_scraper-0.3.0...
copying .editorconfig -> reddit_scraper-0.3.0
copying .envrc -> reddit_scraper-0.3.0
copying AGENTS.md -> reddit_scraper-0.3.0
copying CHANGELOG.md -> reddit_scraper-0.3.0
copying CONTRIBUTING.md -> reddit_scraper-0.3.0
copying LICENSE -> reddit_scraper-0.3.0
copying MANIFEST.in -> reddit_scraper-0.3.0
copying README.md -> reddit_scraper-0.3.0
copying RTK.md -> reddit_scraper-0.3.0
copying SETUP.md -> reddit_scraper-0.3.0
copying pyproject.toml -> reddit_scraper-0.3.0
copying renovate.json5 -> reddit_scraper-0.3.0
copying src/reddit_scraper/__init__.py -> reddit_scraper-0.3.0/src/reddit_scraper
copying src/reddit_scraper/py.typed -> reddit_scraper-0.3.0/src/reddit_scraper
copying src/reddit_scraper.egg-info/PKG-INFO -> reddit_scraper-0.3.0/src/reddit_scraper.egg-info
copying src/reddit_scraper.egg-info/SOURCES.txt -> reddit_scraper-0.3.0/src/reddit_scraper.egg-info
copying src/reddit_scraper.egg-info/dependency_links.txt -> reddit_scraper-0.3.0/src/reddit_scraper.egg-info
copying src/reddit_scraper.egg-info/requires.txt -> reddit_scraper-0.3.0/src/reddit_scraper.egg-info
copying src/reddit_scraper.egg-info/top_level.txt -> reddit_scraper-0.3.0/src/reddit_scraper.egg-info
copying src/reddit_scraper/_api/__init__.py -> reddit_scraper-0.3.0/src/reddit_scraper/_api
copying src/reddit_scraper/_api/config.py -> reddit_scraper-0.3.0/src/reddit_scraper/_api
copying src/reddit_scraper/_api/defaults.py -> reddit_scraper-0.3.0/src/reddit_scraper/_api
copying src/reddit_scraper/_api/errors.py -> reddit_scraper-0.3.0/src/reddit_scraper/_api
copying src/reddit_scraper/_api/scraper.py -> reddit_scraper-0.3.0/src/reddit_scraper/_api
copying src/reddit_scraper/_api/types.py -> reddit_scraper-0.3.0/src/reddit_scraper/_api
copying src/reddit_scraper/_internal/__init__.py -> reddit_scraper-0.3.0/src/reddit_scraper/_internal
copying src/reddit_scraper/_internal/components/__init__.py -> reddit_scraper-0.3.0/src/reddit_scraper/_internal/components
copying src/reddit_scraper/_internal/components/cache.py -> reddit_scraper-0.3.0/src/reddit_scraper/_internal/components
copying src/reddit_scraper/_internal/components/cache_manager.py -> reddit_scraper-0.3.0/src/reddit_scraper/_internal/components
copying src/reddit_scraper/_internal/components/feeds.py -> reddit_scraper-0.3.0/src/reddit_scraper/_internal/components
copying src/reddit_scraper/_internal/components/fetch.py -> reddit_scraper-0.3.0/src/reddit_scraper/_internal/components
copying src/reddit_scraper/_internal/components/http.py -> reddit_scraper-0.3.0/src/reddit_scraper/_internal/components
copying src/reddit_scraper/_internal/components/parsing.py -> reddit_scraper-0.3.0/src/reddit_scraper/_internal/components
copying src/reddit_scraper/_internal/components/post_details.py -> reddit_scraper-0.3.0/src/reddit_scraper/_internal/components
copying src/reddit_scraper/_internal/components/request.py -> reddit_scraper-0.3.0/src/reddit_scraper/_internal/components
copying src/reddit_scraper/_internal/components/resolver.py -> reddit_scraper-0.3.0/src/reddit_scraper/_internal/components
copying src/reddit_scraper/_internal/components/retry.py -> reddit_scraper-0.3.0/src/reddit_scraper/_internal/components
copying src/reddit_scraper/_internal/components/search.py -> reddit_scraper-0.3.0/src/reddit_scraper/_internal/components
copying src/reddit_scraper/_internal/components/search_parsing.py -> reddit_scraper-0.3.0/src/reddit_scraper/_internal/components
copying src/reddit_scraper/_internal/components/setup.py -> reddit_scraper-0.3.0/src/reddit_scraper/_internal/components
copying src/reddit_scraper/_internal/components/users.py -> reddit_scraper-0.3.0/src/reddit_scraper/_internal/components
copying src/reddit_scraper/_internal/components/utils.py -> reddit_scraper-0.3.0/src/reddit_scraper/_internal/components
copying src/reddit_scraper/_internal/config/__init__.py -> reddit_scraper-0.3.0/src/reddit_scraper/_internal/config
copying src/reddit_scraper/_internal/config/assembly.py -> reddit_scraper-0.3.0/src/reddit_scraper/_internal/config
copying src/reddit_scraper/_internal/config/models.py -> reddit_scraper-0.3.0/src/reddit_scraper/_internal/config
copying src/reddit_scraper/_internal/config/state.py -> reddit_scraper-0.3.0/src/reddit_scraper/_internal/config
copying src/reddit_scraper/_internal/config/validation.py -> reddit_scraper-0.3.0/src/reddit_scraper/_internal/config
copying src/reddit_scraper/_internal/media_downloader/__init__.py -> reddit_scraper-0.3.0/src/reddit_scraper/_internal/media_downloader
copying src/reddit_scraper/_internal/media_downloader/cache_manager.py -> reddit_scraper-0.3.0/src/reddit_scraper/_internal/media_downloader
copying src/reddit_scraper/_internal/media_downloader/media_cache.py -> reddit_scraper-0.3.0/src/reddit_scraper/_internal/media_downloader
copying src/reddit_scraper/_internal/media_downloader/media_http.py -> reddit_scraper-0.3.0/src/reddit_scraper/_internal/media_downloader
copying src/reddit_scraper/_internal/media_downloader/media_limits.py -> reddit_scraper-0.3.0/src/reddit_scraper/_internal/media_downloader
copying src/reddit_scraper/_internal/media_downloader/media_routing.py -> reddit_scraper-0.3.0/src/reddit_scraper/_internal/media_downloader
copying src/reddit_scraper/_internal/media_downloader/service.py -> reddit_scraper-0.3.0/src/reddit_scraper/_internal/media_downloader
copying src/reddit_scraper/_internal/media_downloader/types.py -> reddit_scraper-0.3.0/src/reddit_scraper/_internal/media_downloader
copying src/reddit_scraper/_internal/scraper/__init__.py -> reddit_scraper-0.3.0/src/reddit_scraper/_internal/scraper
copying src/reddit_scraper/_internal/scraper/service.py -> reddit_scraper-0.3.0/src/reddit_scraper/_internal/scraper
copying src/reddit_scraper.egg-info/SOURCES.txt -> reddit_scraper-0.3.0/src/reddit_scraper.egg-info
Writing reddit_scraper-0.3.0/setup.cfg
Creating tar archive
removing 'reddit_scraper-0.3.0' (and everything under it)
Building wheel from source distribution...
running egg_info
writing src/reddit_scraper.egg-info/PKG-INFO
writing dependency_links to src/reddit_scraper.egg-info/dependency_links.txt
writing requirements to src/reddit_scraper.egg-info/requires.txt
writing top-level names to src/reddit_scraper.egg-info/top_level.txt
reading manifest file 'src/reddit_scraper.egg-info/SOURCES.txt'
reading manifest template 'MANIFEST.in'
warning: no previously-included files matching '__pycache__' found anywhere in distribution
warning: no previously-included files matching '*.py[cod]' found anywhere in distribution
warning: no previously-included files matching '.DS_Store' found anywhere in distribution
warning: no previously-included files matching '*.so' found anywhere in distribution
adding license file 'LICENSE'
writing manifest file 'src/reddit_scraper.egg-info/SOURCES.txt'
running bdist_wheel
running build
running build_py
creating build/lib/reddit_scraper
copying src/reddit_scraper/__init__.py -> build/lib/reddit_scraper
creating build/lib/reddit_scraper/_internal
copying src/reddit_scraper/_internal/__init__.py -> build/lib/reddit_scraper/_internal
creating build/lib/reddit_scraper/_api
copying src/reddit_scraper/_api/scraper.py -> build/lib/reddit_scraper/_api
copying src/reddit_scraper/_api/config.py -> build/lib/reddit_scraper/_api
copying src/reddit_scraper/_api/__init__.py -> build/lib/reddit_scraper/_api
copying src/reddit_scraper/_api/types.py -> build/lib/reddit_scraper/_api
copying src/reddit_scraper/_api/defaults.py -> build/lib/reddit_scraper/_api
copying src/reddit_scraper/_api/errors.py -> build/lib/reddit_scraper/_api
creating build/lib/reddit_scraper/_internal/scraper
copying src/reddit_scraper/_internal/scraper/service.py -> build/lib/reddit_scraper/_internal/scraper
copying src/reddit_scraper/_internal/scraper/__init__.py -> build/lib/reddit_scraper/_internal/scraper
creating build/lib/reddit_scraper/_internal/config
copying src/reddit_scraper/_internal/config/models.py -> build/lib/reddit_scraper/_internal/config
copying src/reddit_scraper/_internal/config/__init__.py -> build/lib/reddit_scraper/_internal/config
copying src/reddit_scraper/_internal/config/assembly.py -> build/lib/reddit_scraper/_internal/config
copying src/reddit_scraper/_internal/config/state.py -> build/lib/reddit_scraper/_internal/config
copying src/reddit_scraper/_internal/config/validation.py -> build/lib/reddit_scraper/_internal/config
creating build/lib/reddit_scraper/_internal/components
copying src/reddit_scraper/_internal/components/fetch.py -> build/lib/reddit_scraper/_internal/components
copying src/reddit_scraper/_internal/components/parsing.py -> build/lib/reddit_scraper/_internal/components
copying src/reddit_scraper/_internal/components/users.py -> build/lib/reddit_scraper/_internal/components
copying src/reddit_scraper/_internal/components/cache_manager.py -> build/lib/reddit_scraper/_internal/components
copying src/reddit_scraper/_internal/components/feeds.py -> build/lib/reddit_scraper/_internal/components
copying src/reddit_scraper/_internal/components/request.py -> build/lib/reddit_scraper/_internal/components
copying src/reddit_scraper/_internal/components/cache.py -> build/lib/reddit_scraper/_internal/components
copying src/reddit_scraper/_internal/components/__init__.py -> build/lib/reddit_scraper/_internal/components
copying src/reddit_scraper/_internal/components/retry.py -> build/lib/reddit_scraper/_internal/components
copying src/reddit_scraper/_internal/components/search_parsing.py -> build/lib/reddit_scraper/_internal/components
copying src/reddit_scraper/_internal/components/setup.py -> build/lib/reddit_scraper/_internal/components
copying src/reddit_scraper/_internal/components/utils.py -> build/lib/reddit_scraper/_internal/components
copying src/reddit_scraper/_internal/components/http.py -> build/lib/reddit_scraper/_internal/components
copying src/reddit_scraper/_internal/components/resolver.py -> build/lib/reddit_scraper/_internal/components
copying src/reddit_scraper/_internal/components/search.py -> build/lib/reddit_scraper/_internal/components
copying src/reddit_scraper/_internal/components/post_details.py -> build/lib/reddit_scraper/_internal/components
creating build/lib/reddit_scraper/_internal/media_downloader
copying src/reddit_scraper/_internal/media_downloader/media_http.py -> build/lib/reddit_scraper/_internal/media_downloader
copying src/reddit_scraper/_internal/media_downloader/service.py -> build/lib/reddit_scraper/_internal/media_downloader
copying src/reddit_scraper/_internal/media_downloader/cache_manager.py -> build/lib/reddit_scraper/_internal/media_downloader
copying src/reddit_scraper/_internal/media_downloader/__init__.py -> build/lib/reddit_scraper/_internal/media_downloader
copying src/reddit_scraper/_internal/media_downloader/types.py -> build/lib/reddit_scraper/_internal/media_downloader
copying src/reddit_scraper/_internal/media_downloader/media_routing.py -> build/lib/reddit_scraper/_internal/media_downloader
copying src/reddit_scraper/_internal/media_downloader/media_cache.py -> build/lib/reddit_scraper/_internal/media_downloader
copying src/reddit_scraper/_internal/media_downloader/media_limits.py -> build/lib/reddit_scraper/_internal/media_downloader
running egg_info
writing src/reddit_scraper.egg-info/PKG-INFO
writing dependency_links to src/reddit_scraper.egg-info/dependency_links.txt
writing requirements to src/reddit_scraper.egg-info/requires.txt
writing top-level names to src/reddit_scraper.egg-info/top_level.txt
reading manifest file 'src/reddit_scraper.egg-info/SOURCES.txt'
reading manifest template 'MANIFEST.in'
warning: no previously-included files matching '__pycache__' found anywhere in distribution
warning: no previously-included files matching '*.py[cod]' found anywhere in distribution
warning: no previously-included files matching '.DS_Store' found anywhere in distribution
warning: no previously-included files matching '*.so' found anywhere in distribution
adding license file 'LICENSE'
writing manifest file 'src/reddit_scraper.egg-info/SOURCES.txt'
copying src/reddit_scraper/py.typed -> build/lib/reddit_scraper
installing to build/bdist.macosx-11.0-arm64/wheel
running install
running install_lib
creating build/bdist.macosx-11.0-arm64/wheel
creating build/bdist.macosx-11.0-arm64/wheel/reddit_scraper
creating build/bdist.macosx-11.0-arm64/wheel/reddit_scraper/_internal
creating build/bdist.macosx-11.0-arm64/wheel/reddit_scraper/_internal/scraper
copying build/lib/reddit_scraper/_internal/scraper/service.py -> build/bdist.macosx-11.0-arm64/wheel/./reddit_scraper/_internal/scraper
copying build/lib/reddit_scraper/_internal/scraper/__init__.py -> build/bdist.macosx-11.0-arm64/wheel/./reddit_scraper/_internal/scraper
creating build/bdist.macosx-11.0-arm64/wheel/reddit_scraper/_internal/config
copying build/lib/reddit_scraper/_internal/config/models.py -> build/bdist.macosx-11.0-arm64/wheel/./reddit_scraper/_internal/config
copying build/lib/reddit_scraper/_internal/config/__init__.py -> build/bdist.macosx-11.0-arm64/wheel/./reddit_scraper/_internal/config
copying build/lib/reddit_scraper/_internal/config/assembly.py -> build/bdist.macosx-11.0-arm64/wheel/./reddit_scraper/_internal/config
copying build/lib/reddit_scraper/_internal/config/state.py -> build/bdist.macosx-11.0-arm64/wheel/./reddit_scraper/_internal/config
copying build/lib/reddit_scraper/_internal/config/validation.py -> build/bdist.macosx-11.0-arm64/wheel/./reddit_scraper/_internal/config
copying build/lib/reddit_scraper/_internal/__init__.py -> build/bdist.macosx-11.0-arm64/wheel/./reddit_scraper/_internal
creating build/bdist.macosx-11.0-arm64/wheel/reddit_scraper/_internal/components
copying build/lib/reddit_scraper/_internal/components/fetch.py -> build/bdist.macosx-11.0-arm64/wheel/./reddit_scraper/_internal/components
copying build/lib/reddit_scraper/_internal/components/parsing.py -> build/bdist.macosx-11.0-arm64/wheel/./reddit_scraper/_internal/components
copying build/lib/reddit_scraper/_internal/components/users.py -> build/bdist.macosx-11.0-arm64/wheel/./reddit_scraper/_internal/components
copying build/lib/reddit_scraper/_internal/components/cache_manager.py -> build/bdist.macosx-11.0-arm64/wheel/./reddit_scraper/_internal/components
copying build/lib/reddit_scraper/_internal/components/feeds.py -> build/bdist.macosx-11.0-arm64/wheel/./reddit_scraper/_internal/components
copying build/lib/reddit_scraper/_internal/components/request.py -> build/bdist.macosx-11.0-arm64/wheel/./reddit_scraper/_internal/components
copying build/lib/reddit_scraper/_internal/components/cache.py -> build/bdist.macosx-11.0-arm64/wheel/./reddit_scraper/_internal/components
copying build/lib/reddit_scraper/_internal/components/__init__.py -> build/bdist.macosx-11.0-arm64/wheel/./reddit_scraper/_internal/components
copying build/lib/reddit_scraper/_internal/components/retry.py -> build/bdist.macosx-11.0-arm64/wheel/./reddit_scraper/_internal/components
copying build/lib/reddit_scraper/_internal/components/search_parsing.py -> build/bdist.macosx-11.0-arm64/wheel/./reddit_scraper/_internal/components
copying build/lib/reddit_scraper/_internal/components/setup.py -> build/bdist.macosx-11.0-arm64/wheel/./reddit_scraper/_internal/components
copying build/lib/reddit_scraper/_internal/components/utils.py -> build/bdist.macosx-11.0-arm64/wheel/./reddit_scraper/_internal/components
copying build/lib/reddit_scraper/_internal/components/http.py -> build/bdist.macosx-11.0-arm64/wheel/./reddit_scraper/_internal/components
copying build/lib/reddit_scraper/_internal/components/resolver.py -> build/bdist.macosx-11.0-arm64/wheel/./reddit_scraper/_internal/components
copying build/lib/reddit_scraper/_internal/components/search.py -> build/bdist.macosx-11.0-arm64/wheel/./reddit_scraper/_internal/components
copying build/lib/reddit_scraper/_internal/components/post_details.py -> build/bdist.macosx-11.0-arm64/wheel/./reddit_scraper/_internal/components
creating build/bdist.macosx-11.0-arm64/wheel/reddit_scraper/_internal/media_downloader
copying build/lib/reddit_scraper/_internal/media_downloader/media_http.py -> build/bdist.macosx-11.0-arm64/wheel/./reddit_scraper/_internal/media_downloader
copying build/lib/reddit_scraper/_internal/media_downloader/service.py -> build/bdist.macosx-11.0-arm64/wheel/./reddit_scraper/_internal/media_downloader
copying build/lib/reddit_scraper/_internal/media_downloader/cache_manager.py -> build/bdist.macosx-11.0-arm64/wheel/./reddit_scraper/_internal/media_downloader
copying build/lib/reddit_scraper/_internal/media_downloader/__init__.py -> build/bdist.macosx-11.0-arm64/wheel/./reddit_scraper/_internal/media_downloader
copying build/lib/reddit_scraper/_internal/media_downloader/types.py -> build/bdist.macosx-11.0-arm64/wheel/./reddit_scraper/_internal/media_downloader
copying build/lib/reddit_scraper/_internal/media_downloader/media_routing.py -> build/bdist.macosx-11.0-arm64/wheel/./reddit_scraper/_internal/media_downloader
copying build/lib/reddit_scraper/_internal/media_downloader/media_cache.py -> build/bdist.macosx-11.0-arm64/wheel/./reddit_scraper/_internal/media_downloader
copying build/lib/reddit_scraper/_internal/media_downloader/media_limits.py -> build/bdist.macosx-11.0-arm64/wheel/./reddit_scraper/_internal/media_downloader
creating build/bdist.macosx-11.0-arm64/wheel/reddit_scraper/_api
copying build/lib/reddit_scraper/_api/scraper.py -> build/bdist.macosx-11.0-arm64/wheel/./reddit_scraper/_api
copying build/lib/reddit_scraper/_api/config.py -> build/bdist.macosx-11.0-arm64/wheel/./reddit_scraper/_api
copying build/lib/reddit_scraper/_api/__init__.py -> build/bdist.macosx-11.0-arm64/wheel/./reddit_scraper/_api
copying build/lib/reddit_scraper/_api/types.py -> build/bdist.macosx-11.0-arm64/wheel/./reddit_scraper/_api
copying build/lib/reddit_scraper/_api/defaults.py -> build/bdist.macosx-11.0-arm64/wheel/./reddit_scraper/_api
copying build/lib/reddit_scraper/_api/errors.py -> build/bdist.macosx-11.0-arm64/wheel/./reddit_scraper/_api
copying build/lib/reddit_scraper/__init__.py -> build/bdist.macosx-11.0-arm64/wheel/./reddit_scraper
copying build/lib/reddit_scraper/py.typed -> build/bdist.macosx-11.0-arm64/wheel/./reddit_scraper
running install_egg_info
Copying src/reddit_scraper.egg-info to build/bdist.macosx-11.0-arm64/wheel/./reddit_scraper-0.3.0-py3.13.egg-info
running install_scripts
creating build/bdist.macosx-11.0-arm64/wheel/reddit_scraper-0.3.0.dist-info/WHEEL
creating '/Users/stas/Documents/3.Projects/1.Playground/ternforge-review/audit-product-parity-20260801/lab-control/evidence/downstream-ci-dx-e2e-20260801/_work/consumers/reddit-scraper/dist/.tmp-_7i_oamq/reddit_scraper-0.3.0-py3-none-any.whl' and adding 'build/bdist.macosx-11.0-arm64/wheel' to it
adding 'reddit_scraper/__init__.py'
adding 'reddit_scraper/py.typed'
adding 'reddit_scraper/_api/__init__.py'
adding 'reddit_scraper/_api/config.py'
adding 'reddit_scraper/_api/defaults.py'
adding 'reddit_scraper/_api/errors.py'
adding 'reddit_scraper/_api/scraper.py'
adding 'reddit_scraper/_api/types.py'
adding 'reddit_scraper/_internal/__init__.py'
adding 'reddit_scraper/_internal/components/__init__.py'
adding 'reddit_scraper/_internal/components/cache.py'
adding 'reddit_scraper/_internal/components/cache_manager.py'
adding 'reddit_scraper/_internal/components/feeds.py'
adding 'reddit_scraper/_internal/components/fetch.py'
adding 'reddit_scraper/_internal/components/http.py'
adding 'reddit_scraper/_internal/components/parsing.py'
adding 'reddit_scraper/_internal/components/post_details.py'
adding 'reddit_scraper/_internal/components/request.py'
adding 'reddit_scraper/_internal/components/resolver.py'
adding 'reddit_scraper/_internal/components/retry.py'
adding 'reddit_scraper/_internal/components/search.py'
adding 'reddit_scraper/_internal/components/search_parsing.py'
adding 'reddit_scraper/_internal/components/setup.py'
adding 'reddit_scraper/_internal/components/users.py'
adding 'reddit_scraper/_internal/components/utils.py'
adding 'reddit_scraper/_internal/config/__init__.py'
adding 'reddit_scraper/_internal/config/assembly.py'
adding 'reddit_scraper/_internal/config/models.py'
adding 'reddit_scraper/_internal/config/state.py'
adding 'reddit_scraper/_internal/config/validation.py'
adding 'reddit_scraper/_internal/media_downloader/__init__.py'
adding 'reddit_scraper/_internal/media_downloader/cache_manager.py'
adding 'reddit_scraper/_internal/media_downloader/media_cache.py'
adding 'reddit_scraper/_internal/media_downloader/media_http.py'
adding 'reddit_scraper/_internal/media_downloader/media_limits.py'
adding 'reddit_scraper/_internal/media_downloader/media_routing.py'
adding 'reddit_scraper/_internal/media_downloader/service.py'
adding 'reddit_scraper/_internal/media_downloader/types.py'
adding 'reddit_scraper/_internal/scraper/__init__.py'
adding 'reddit_scraper/_internal/scraper/service.py'
adding 'reddit_scraper-0.3.0.dist-info/licenses/LICENSE'
adding 'reddit_scraper-0.3.0.dist-info/METADATA'
adding 'reddit_scraper-0.3.0.dist-info/WHEEL'
adding 'reddit_scraper-0.3.0.dist-info/top_level.txt'
adding 'reddit_scraper-0.3.0.dist-info/RECORD'
removing build/bdist.macosx-11.0-arm64/wheel
Successfully built dist/reddit_scraper-0.3.0.tar.gz
Successfully built dist/reddit_scraper-0.3.0-py3-none-any.whl
