$ uv run --frozen --no-sync pip-audit --requirement /Users/stas/Documents/3.Projects/1.Playground/ternforge-review/audit-product-parity-20260801/lab-control/evidence/downstream-ci-dx-e2e-20260801/_work/consumers/reddit-scraper/.runtime-requirements.txt --no-deps --disable-pip

[stdout]
Name      Version ID              Fix Versions
--------- ------- --------------- ------------
diskcache 5.6.3   PYSEC-2026-2447


[stderr]
WARNING:pip_audit._cli:--no-deps is supported, but users are encouraged to fully hash their pinned dependencies
WARNING:pip_audit._cli:Consider using a tool like `pip-compile`: https://pip-tools.readthedocs.io/en/latest/#using-hashes
WARNING:cachecontrol.controller:Cache entry deserialization failed, entry ignored
WARNING:cachecontrol.controller:Cache entry deserialization failed, entry ignored
WARNING:cachecontrol.controller:Cache entry deserialization failed, entry ignored
WARNING:cachecontrol.controller:Cache entry deserialization failed, entry ignored
WARNING:cachecontrol.controller:Cache entry deserialization failed, entry ignored
WARNING:cachecontrol.controller:Cache entry deserialization failed, entry ignored
WARNING:cachecontrol.controller:Cache entry deserialization failed, entry ignored
WARNING:cachecontrol.controller:Cache entry deserialization failed, entry ignored
WARNING:cachecontrol.controller:Cache entry deserialization failed, entry ignored
WARNING:cachecontrol.controller:Cache entry deserialization failed, entry ignored
WARNING:cachecontrol.controller:Cache entry deserialization failed, entry ignored
WARNING:cachecontrol.controller:Cache entry deserialization failed, entry ignored
Found 1 known vulnerability in 1 package
