$ uv run --no-sync bandit -c pyproject.toml -r src

[stdout]
Run started:2026-08-01 18:46:09.849863+00:00

Test results:
	No issues identified.

Code scanned:
	Total lines of code: 1228
	Total lines skipped (#nosec): 0
	Total potential issues skipped due to specifically being disabled (e.g., #nosec BXXX): 0

Run metrics:
	Total issues (by severity):
		Undefined: 0
		Low: 0
		Medium: 0
		High: 0
	Total issues (by confidence):
		Undefined: 0
		Low: 0
		Medium: 0
		High: 0
Files skipped (0):


[stderr]
[main]	INFO	profile include tests: None
[main]	INFO	profile exclude tests: None
[main]	INFO	cli include tests: None
[main]	INFO	cli exclude tests: None
[main]	INFO	using config: pyproject.toml
[main]	INFO	running on Python 3.13.7
