$ uv run --no-sync python scripts/reproduce_running_loop.py workbench.reddit_scraper.search.global_query

[stdout]
────────────────────────── What This Demo Is Proving ───────────────────────────
- Proves the core global search flow with direct Reddit JSON requests,
- independent from the shipped scraper runtime.
──────────────────────── What Success Should Look Like ─────────────────────────
- If the global query returns results, then the evidence includes a positive
- result count.
- If sampled post results are present, then each sample keeps title,
- subreddit, and permalink evidence.
─────────────────────────────────── Scenario ───────────────────────────────────
Running one live global search through Reddit JSON.
- query: Avengers: Doomsday
- limit: 5
- proxy: off


[stderr]
Traceback (most recent call last):
  File "/Users/stas/Documents/3.Projects/1.Playground/ternforge-review/audit-product-parity-20260801/lab-control/evidence/downstream-ci-dx-e2e-20260801/_work/consumers/reddit-scraper/scripts/reproduce_running_loop.py", line 39, in <module>
    raise SystemExit(main())
                     ~~~~^^
  File "/Users/stas/Documents/3.Projects/1.Playground/ternforge-review/audit-product-parity-20260801/lab-control/evidence/downstream-ci-dx-e2e-20260801/_work/consumers/reddit-scraper/scripts/reproduce_running_loop.py", line 32, in main
    asyncio.run(execute())
    ~~~~~~~~~~~^^^^^^^^^^^
  File "/Users/stas/.local/share/uv/python/cpython-3.13.7-macos-aarch64-none/lib/python3.13/asyncio/runners.py", line 195, in run
    return runner.run(main)
           ~~~~~~~~~~^^^^^^
  File "/Users/stas/.local/share/uv/python/cpython-3.13.7-macos-aarch64-none/lib/python3.13/asyncio/runners.py", line 118, in run
    return self._loop.run_until_complete(task)
           ~~~~~~~~~~~~~~~~~~~~~~~~~~~~~^^^^^^
  File "/Users/stas/.local/share/uv/python/cpython-3.13.7-macos-aarch64-none/lib/python3.13/asyncio/base_events.py", line 725, in run_until_complete
    return future.result()
           ~~~~~~~~~~~~~^^
  File "/Users/stas/Documents/3.Projects/1.Playground/ternforge-review/audit-product-parity-20260801/lab-control/evidence/downstream-ci-dx-e2e-20260801/_work/consumers/reddit-scraper/scripts/reproduce_running_loop.py", line 29, in execute
    runpy.run_module(args.module, run_name="__main__")
    ~~~~~~~~~~~~~~~~^^^^^^^^^^^^^^^^^^^^^^^^^^^^^^^^^^
  File "<frozen runpy>", line 229, in run_module
  File "<frozen runpy>", line 88, in _run_code
  File "/Users/stas/Documents/3.Projects/1.Playground/ternforge-review/audit-product-parity-20260801/lab-control/evidence/downstream-ci-dx-e2e-20260801/_work/consumers/reddit-scraper/workbench/reddit_scraper/search/global_query.py", line 174, in <module>
    main()
    ~~~~^^
  File "/Users/stas/Documents/3.Projects/1.Playground/ternforge-review/audit-product-parity-20260801/lab-control/evidence/downstream-ci-dx-e2e-20260801/_work/consumers/reddit-scraper/workbench/reddit_scraper/search/global_query.py", line 151, in main
    evidence = run_pipeline(proxy=proxy)
  File "/Users/stas/Documents/3.Projects/1.Playground/ternforge-review/audit-product-parity-20260801/lab-control/evidence/downstream-ci-dx-e2e-20260801/_work/consumers/reddit-scraper/workbench/reddit_scraper/search/global_query.py", line 123, in run_pipeline
    results = _search_reddit(
        SEARCH_QUERY,
    ...<2 lines>...
        proxy=proxy,
    )
  File "/Users/stas/Documents/3.Projects/1.Playground/ternforge-review/audit-product-parity-20260801/lab-control/evidence/downstream-ci-dx-e2e-20260801/_work/consumers/reddit-scraper/workbench/reddit_scraper/search/global_query.py", line 74, in _search_reddit
    payload = fetch_json(
        f"{REDDIT_BASE_URL}/search.json",
    ...<8 lines>...
        proxy=proxy,
    )
  File "/Users/stas/Documents/3.Projects/1.Playground/ternforge-review/audit-product-parity-20260801/lab-control/evidence/downstream-ci-dx-e2e-20260801/_work/consumers/reddit-scraper/workbench/reddit_scraper/_reddit_json.py", line 52, in fetch_json
    response.raise_for_status()
    ~~~~~~~~~~~~~~~~~~~~~~~~~^^
  File "/Users/stas/Documents/3.Projects/1.Playground/ternforge-review/audit-product-parity-20260801/lab-control/evidence/downstream-ci-dx-e2e-20260801/_work/consumers/reddit-scraper/.venv/lib/python3.13/site-packages/httpx/_models.py", line 829, in raise_for_status
    raise HTTPStatusError(message, request=request, response=self)
httpx.HTTPStatusError: Client error '403 Blocked' for url 'https://www.reddit.com/search.json?limit=5&q=Avengers%3A+Doomsday&raw_json=1&sort=relevance&type=link'
For more information check: https://developer.mozilla.org/en-US/docs/Web/HTTP/Status/403
