$ uv lock

[stdout]


[stderr]
Using CPython 3.13.7
Resolved 136 packages in 233ms
Removed annotated-types v0.7.0
Removed copier v9.16.0
Removed dunamai v1.26.1
Removed funcy v2.0
Removed jinja2-ansible-filters v1.3.2
Removed pathspec v1.1.1
Removed plumbum v1.10.0
Added py-lib-policy v0.2.0
Updated py-lib-runtime v0.11.1 -> v0.2.0
Updated py-lib-testkit v0.29.2 -> v0.2.0
Removed pydantic v2.13.4
Removed pydantic-core v2.46.4
Removed pyproject-fmt v2.25.2
Removed pywin32 v311
Removed typing-inspection v0.4.2
